// Jest Snapshot v1, https://goo.gl/fbAQLP

exports[`exports expected exports 1`] = `
Array [
  configureOnce,
  configure,
  within,
  getByLabelText,
  getAllByLabelText,
  queryByLabelText,
  queryAllByLabelText,
  findByLabelText,
  findAllByLabelText,
  getByPlaceholderText,
  getAllByPlaceholderText,
  queryByPlaceholderText,
  queryAllByPlaceholderText,
  findByPlaceholderText,
  findAllByPlaceholderText,
  getByText,
  getAllByText,
  queryByText,
  queryAllByText,
  findByText,
  findAllByText,
  getByAltText,
  getAllByAltText,
  queryByAltText,
  queryAllByAltText,
  findByAltText,
  findAllByAltText,
  getByTitle,
  getAllByTitle,
  queryByTitle,
  queryAllByTitle,
  findByTitle,
  findAllByTitle,
  getByDisplayValue,
  getAllByDisplayValue,
  queryByDisplayValue,
  queryAllByDisplayValue,
  findByDisplayValue,
  getByRole,
  getAllByRole,
  queryByRole,
  queryAllByRole,
  findByRole,
  findAllByRole,
  findAllByDisplayValue,
  getByTestId,
  getAllByTestId,
  queryByTestId,
  queryAllByTestId,
  findByTestId,
  findAllByTestId,
  screen,
]
`;
